let x = Scope ("{", (f (Ident (Lower "x"))), "}")
let x = (f a) |> g
